File info: ../tmp/file_example_test.txt
	Absolute path: /tests/test_data/../tmp/file_example_test.txt
	Canonical path: /tests/tmp/file_example_test.txt
	Path: ../tmp/file_example_test.txt
	Name: file_example_test.txt
	Parent: ../tmp
	Parent file: ../tmp
	Is absolute: false
file_example_test.txt: created
file_example_test.txt: already exists
File info: ../tmp/file_example_test.txt
	Absolute path: /tests/test_data/../tmp/file_example_test.txt
	Canonical path: /tests/tmp/file_example_test.txt
	Path: ../tmp/file_example_test.txt
	Name: file_example_test.txt
	Parent: ../tmp
	Parent file: ../tmp
	Is absolute: false
File info: ../tmp
	Absolute path: /tests/test_data/../tmp
	Canonical path: /tests/tmp
	Path: ../tmp
	Name: tmp
	Parent: ..
	Parent file: ..
	Is absolute: false
file_example_test.txt: deleted
file_example_test.txt: does not exist
